// Jest Snapshot v1, https://goo.gl/fbAQLP

exports[`Field Save Field Text Snapshot 1`] = `
<span
  aria-label="text"
  className="ant-typography ant-typography-ellipsis ant-typography-single-line"
  onMouseEnter={[Function]}
  onMouseLeave={[Function]}
  style={
    Object {
      "WebkitLineClamp": undefined,
    }
  }
>
  text
  <span
    aria-hidden={true}
    style={
      Object {
        "display": "block",
        "left": 0,
        "pointerEvents": "none",
        "position": "fixed",
        "top": 0,
        "visibility": "hidden",
        "whiteSpace": "nowrap",
        "wordBreak": "keep-all",
        "zIndex": -9999,
      }
    }
  >
    lg
  </span>
  <span
    aria-hidden={true}
    style={
      Object {
        "display": "block",
        "left": 0,
        "margin": 0,
        "padding": 0,
        "pointerEvents": "none",
        "position": "fixed",
        "top": 0,
        "visibility": "hidden",
        "whiteSpace": "normal",
        "width": 0,
        "zIndex": -9999,
      }
    }
  >
    <span
      aria-hidden={true}
    >
      ...
    </span>
  </span>
</span>
`;

exports[`Field Save Field Text datePicker 1`] = `""`;

exports[`Field Save Field Text rangePicker 1`] = `""`;

exports[`Field Save Field Text timePicker 1`] = `""`;

exports[`Field Save Field Text timeRangePicker 1`] = `""`;
