// Jest Snapshot v1, https://goo.gl/fbAQLP

exports[`ListWrap Save ListWrap Input Snapshot 1`] = `
<ul>
  <li>
    <span
      className="ant-input-affix-wrapper"
      onMouseUp={[Function]}
    >
      <input
        className="ant-input"
        hidden={null}
        maxLength={200}
        onBlur={[Function]}
        onChange={[Function]}
        onFocus={[Function]}
        onKeyDown={[Function]}
        style={null}
        type="text"
        value="text,text1"
      />
      <span
        className="ant-input-suffix"
      >
        <span
          className="ant-input-clear-icon"
          onClick={[Function]}
          onMouseDown={[Function]}
          role="button"
          tabIndex={-1}
        >
          <span
            aria-label="close-circle"
            className="anticon anticon-close-circle"
            role="img"
          >
            <svg
              aria-hidden="true"
              data-icon="close-circle"
              fill="currentColor"
              focusable="false"
              height="1em"
              viewBox="64 64 896 896"
              width="1em"
            >
              <path
                d="M512 64C264.6 64 64 264.6 64 512s200.6 448 448 448 448-200.6 448-448S759.4 64 512 64zm165.4 618.2l-66-.3L512 563.4l-99.3 118.4-66.1.3c-4.4 0-8-3.5-8-8 0-1.9.7-3.7 1.9-5.2l130.1-155L340.5 359a8.32 8.32 0 01-1.9-5.2c0-4.4 3.6-8 8-8l66.1.3L512 464.6l99.3-118.4 66-.3c4.4 0 8 3.5 8 8 0 1.9-.7 3.7-1.9 5.2L553.5 514l130 155c1.2 1.5 1.9 3.3 1.9 5.2 0 4.4-3.6 8-8 8z"
              />
            </svg>
          </span>
        </span>
      </span>
    </span>
  </li>
  <li>
    <span
      className="ant-input-affix-wrapper"
      onMouseUp={[Function]}
    >
      <input
        className="ant-input"
        hidden={null}
        maxLength={200}
        onBlur={[Function]}
        onChange={[Function]}
        onFocus={[Function]}
        onKeyDown={[Function]}
        style={null}
        type="text"
        value="text,text1"
      />
      <span
        className="ant-input-suffix"
      >
        <span
          className="ant-input-clear-icon"
          onClick={[Function]}
          onMouseDown={[Function]}
          role="button"
          tabIndex={-1}
        >
          <span
            aria-label="close-circle"
            className="anticon anticon-close-circle"
            role="img"
          >
            <svg
              aria-hidden="true"
              data-icon="close-circle"
              fill="currentColor"
              focusable="false"
              height="1em"
              viewBox="64 64 896 896"
              width="1em"
            >
              <path
                d="M512 64C264.6 64 64 264.6 64 512s200.6 448 448 448 448-200.6 448-448S759.4 64 512 64zm165.4 618.2l-66-.3L512 563.4l-99.3 118.4-66.1.3c-4.4 0-8-3.5-8-8 0-1.9.7-3.7 1.9-5.2l130.1-155L340.5 359a8.32 8.32 0 01-1.9-5.2c0-4.4 3.6-8 8-8l66.1.3L512 464.6l99.3-118.4 66-.3c4.4 0 8 3.5 8 8 0 1.9-.7 3.7-1.9 5.2L553.5 514l130 155c1.2 1.5 1.9 3.3 1.9 5.2 0 4.4-3.6 8-8 8z"
              />
            </svg>
          </span>
        </span>
      </span>
    </span>
  </li>
</ul>
`;

exports[`ListWrap Save ListWrap Text Snapshot 1`] = `
<ul>
  <li>
    <span
      className="ant-typography ant-typography-ellipsis ant-typography-single-line"
      onMouseEnter={[Function]}
      onMouseLeave={[Function]}
      style={
        Object {
          "WebkitLineClamp": undefined,
        }
      }
    >
      text
      text1
      <span
        aria-hidden={true}
        style={
          Object {
            "display": "block",
            "left": 0,
            "pointerEvents": "none",
            "position": "fixed",
            "top": 0,
            "visibility": "hidden",
            "whiteSpace": "nowrap",
            "wordBreak": "keep-all",
            "zIndex": -9999,
          }
        }
      >
        lg
      </span>
      <span
        aria-hidden={true}
        style={
          Object {
            "display": "block",
            "left": 0,
            "margin": 0,
            "padding": 0,
            "pointerEvents": "none",
            "position": "fixed",
            "top": 0,
            "visibility": "hidden",
            "whiteSpace": "normal",
            "width": 0,
            "zIndex": -9999,
          }
        }
      >
        <span
          aria-hidden={true}
        >
          ...
        </span>
      </span>
    </span>
  </li>
  <li>
    <span
      className="ant-typography ant-typography-ellipsis ant-typography-single-line"
      onMouseEnter={[Function]}
      onMouseLeave={[Function]}
      style={
        Object {
          "WebkitLineClamp": undefined,
        }
      }
    >
      text
      text1
      <span
        aria-hidden={true}
        style={
          Object {
            "display": "block",
            "left": 0,
            "pointerEvents": "none",
            "position": "fixed",
            "top": 0,
            "visibility": "hidden",
            "whiteSpace": "nowrap",
            "wordBreak": "keep-all",
            "zIndex": -9999,
          }
        }
      >
        lg
      </span>
      <span
        aria-hidden={true}
        style={
          Object {
            "display": "block",
            "left": 0,
            "margin": 0,
            "padding": 0,
            "pointerEvents": "none",
            "position": "fixed",
            "top": 0,
            "visibility": "hidden",
            "whiteSpace": "normal",
            "width": 0,
            "zIndex": -9999,
          }
        }
      >
        <span
          aria-hidden={true}
        >
          ...
        </span>
      </span>
    </span>
  </li>
</ul>
`;
